Archive member included because of file (symbol)

c:/program files (x86)/atmel/atmel toolchain/avr8 gcc/native/3.4.1061/avr8-gnu-toolchain/bin/../lib/gcc/avr/4.8.1/avr4\libgcc.a(_exit.o)
                              c:/program files (x86)/atmel/atmel toolchain/avr8 gcc/native/3.4.1061/avr8-gnu-toolchain/bin/../lib/gcc/avr/4.8.1/../../../../avr/lib/avr4/crtm8a.o (exit)

Discarded input sections

 .data          0x00000000        0x0 c:/program files (x86)/atmel/atmel toolchain/avr8 gcc/native/3.4.1061/avr8-gnu-toolchain/bin/../lib/gcc/avr/4.8.1/../../../../avr/lib/avr4/crtm8a.o
 .bss           0x00000000        0x0 c:/program files (x86)/atmel/atmel toolchain/avr8 gcc/native/3.4.1061/avr8-gnu-toolchain/bin/../lib/gcc/avr/4.8.1/../../../../avr/lib/avr4/crtm8a.o
 .text          0x00000000        0x0 EEPROM_25AA256.o
 .data          0x00000000        0x0 EEPROM_25AA256.o
 .bss           0x00000000        0x0 EEPROM_25AA256.o
 .text          0x00000000        0x0 Main.o
 .data          0x00000000        0x0 Main.o
 .bss           0x00000000        0x0 Main.o
 .text          0x00000000        0x0 DIGTEMP_TC72.o
 .data          0x00000000        0x0 DIGTEMP_TC72.o
 .bss           0x00000000        0x0 DIGTEMP_TC72.o
 .text          0x00000000        0x0 SPI_REG_BASED.o
 .data          0x00000000        0x0 SPI_REG_BASED.o
 .bss           0x00000000        0x0 SPI_REG_BASED.o
 .text          0x00000000        0x0 c:/program files (x86)/atmel/atmel toolchain/avr8 gcc/native/3.4.1061/avr8-gnu-toolchain/bin/../lib/gcc/avr/4.8.1/avr4\libgcc.a(_exit.o)
 .data          0x00000000        0x0 c:/program files (x86)/atmel/atmel toolchain/avr8 gcc/native/3.4.1061/avr8-gnu-toolchain/bin/../lib/gcc/avr/4.8.1/avr4\libgcc.a(_exit.o)
 .bss           0x00000000        0x0 c:/program files (x86)/atmel/atmel toolchain/avr8 gcc/native/3.4.1061/avr8-gnu-toolchain/bin/../lib/gcc/avr/4.8.1/avr4\libgcc.a(_exit.o)
 .text.libgcc.mul
                0x00000000        0x0 c:/program files (x86)/atmel/atmel toolchain/avr8 gcc/native/3.4.1061/avr8-gnu-toolchain/bin/../lib/gcc/avr/4.8.1/avr4\libgcc.a(_exit.o)
 .text.libgcc.div
                0x00000000        0x0 c:/program files (x86)/atmel/atmel toolchain/avr8 gcc/native/3.4.1061/avr8-gnu-toolchain/bin/../lib/gcc/avr/4.8.1/avr4\libgcc.a(_exit.o)
 .text.libgcc   0x00000000        0x0 c:/program files (x86)/atmel/atmel toolchain/avr8 gcc/native/3.4.1061/avr8-gnu-toolchain/bin/../lib/gcc/avr/4.8.1/avr4\libgcc.a(_exit.o)
 .text.libgcc.prologue
                0x00000000        0x0 c:/program files (x86)/atmel/atmel toolchain/avr8 gcc/native/3.4.1061/avr8-gnu-toolchain/bin/../lib/gcc/avr/4.8.1/avr4\libgcc.a(_exit.o)
 .text.libgcc.builtins
                0x00000000        0x0 c:/program files (x86)/atmel/atmel toolchain/avr8 gcc/native/3.4.1061/avr8-gnu-toolchain/bin/../lib/gcc/avr/4.8.1/avr4\libgcc.a(_exit.o)
 .text.libgcc.fmul
                0x00000000        0x0 c:/program files (x86)/atmel/atmel toolchain/avr8 gcc/native/3.4.1061/avr8-gnu-toolchain/bin/../lib/gcc/avr/4.8.1/avr4\libgcc.a(_exit.o)
 .text.libgcc.fixed
                0x00000000        0x0 c:/program files (x86)/atmel/atmel toolchain/avr8 gcc/native/3.4.1061/avr8-gnu-toolchain/bin/../lib/gcc/avr/4.8.1/avr4\libgcc.a(_exit.o)

Memory Configuration

Name             Origin             Length             Attributes
text             0x00000000         0x00002000         xr
data             0x00800060         0x0000ffa0         rw !x
eeprom           0x00810000         0x00010000         rw !x
fuse             0x00820000         0x00000400         rw !x
lock             0x00830000         0x00000400         rw !x
signature        0x00840000         0x00000400         rw !x
user_signatures  0x00850000         0x00000400         rw !x
*default*        0x00000000         0xffffffff

Linker script and memory map

LOAD c:/program files (x86)/atmel/atmel toolchain/avr8 gcc/native/3.4.1061/avr8-gnu-toolchain/bin/../lib/gcc/avr/4.8.1/../../../../avr/lib/avr4/crtm8a.o
LOAD EEPROM_25AA256.o
LOAD Main.o
LOAD DIGTEMP_TC72.o
LOAD SPI_REG_BASED.o
START GROUP
LOAD c:/program files (x86)/atmel/atmel toolchain/avr8 gcc/native/3.4.1061/avr8-gnu-toolchain/bin/../lib/gcc/avr/4.8.1/../../../../avr/lib/avr4\libm.a
END GROUP
START GROUP
LOAD c:/program files (x86)/atmel/atmel toolchain/avr8 gcc/native/3.4.1061/avr8-gnu-toolchain/bin/../lib/gcc/avr/4.8.1/avr4\libgcc.a
LOAD c:/program files (x86)/atmel/atmel toolchain/avr8 gcc/native/3.4.1061/avr8-gnu-toolchain/bin/../lib/gcc/avr/4.8.1/../../../../avr/lib/avr4\libm.a
LOAD c:/program files (x86)/atmel/atmel toolchain/avr8 gcc/native/3.4.1061/avr8-gnu-toolchain/bin/../lib/gcc/avr/4.8.1/../../../../avr/lib/avr4\libc.a
END GROUP

.hash
 *(.hash)

.dynsym
 *(.dynsym)

.dynstr
 *(.dynstr)

.gnu.version
 *(.gnu.version)

.gnu.version_d
 *(.gnu.version_d)

.gnu.version_r
 *(.gnu.version_r)

.rel.init
 *(.rel.init)

.rela.init
 *(.rela.init)

.rel.text
 *(.rel.text)
 *(.rel.text.*)
 *(.rel.gnu.linkonce.t*)

.rela.text
 *(.rela.text)
 *(.rela.text.*)
 *(.rela.gnu.linkonce.t*)

.rel.fini
 *(.rel.fini)

.rela.fini
 *(.rela.fini)

.rel.rodata
 *(.rel.rodata)
 *(.rel.rodata.*)
 *(.rel.gnu.linkonce.r*)

.rela.rodata
 *(.rela.rodata)
 *(.rela.rodata.*)
 *(.rela.gnu.linkonce.r*)

.rel.data
 *(.rel.data)
 *(.rel.data.*)
 *(.rel.gnu.linkonce.d*)

.rela.data
 *(.rela.data)
 *(.rela.data.*)
 *(.rela.gnu.linkonce.d*)

.rel.ctors
 *(.rel.ctors)

.rela.ctors
 *(.rela.ctors)

.rel.dtors
 *(.rel.dtors)

.rela.dtors
 *(.rela.dtors)

.rel.got
 *(.rel.got)

.rela.got
 *(.rela.got)

.rel.bss
 *(.rel.bss)

.rela.bss
 *(.rela.bss)

.rel.plt
 *(.rel.plt)

.rela.plt
 *(.rela.plt)

.text           0x00000000      0x2c0
 *(.vectors)
 .vectors       0x00000000       0x26 c:/program files (x86)/atmel/atmel toolchain/avr8 gcc/native/3.4.1061/avr8-gnu-toolchain/bin/../lib/gcc/avr/4.8.1/../../../../avr/lib/avr4/crtm8a.o
                0x00000000                __vector_default
                0x00000000                __vectors
 *(.vectors)
 *(.progmem.gcc*)
                0x00000026                . = ALIGN (0x2)
                0x00000026                __trampolines_start = .
 *(.trampolines)
 .trampolines   0x00000026        0x0 linker stubs
 *(.trampolines*)
                0x00000026                __trampolines_end = .
 *(.progmem*)
                0x00000026                . = ALIGN (0x2)
 *(.jumptables)
 *(.jumptables*)
 *(.lowtext)
 *(.lowtext*)
                0x00000026                __ctors_start = .
 *(.ctors)
                0x00000026                __ctors_end = .
                0x00000026                __dtors_start = .
 *(.dtors)
                0x00000026                __dtors_end = .
 SORT(*)(.ctors)
 SORT(*)(.dtors)
 *(.init0)
 .init0         0x00000026        0x0 c:/program files (x86)/atmel/atmel toolchain/avr8 gcc/native/3.4.1061/avr8-gnu-toolchain/bin/../lib/gcc/avr/4.8.1/../../../../avr/lib/avr4/crtm8a.o
                0x00000026                __init
 *(.init0)
 *(.init1)
 *(.init1)
 *(.init2)
 .init2         0x00000026        0xc c:/program files (x86)/atmel/atmel toolchain/avr8 gcc/native/3.4.1061/avr8-gnu-toolchain/bin/../lib/gcc/avr/4.8.1/../../../../avr/lib/avr4/crtm8a.o
 *(.init2)
 *(.init3)
 *(.init3)
 *(.init4)
 *(.init4)
 *(.init5)
 *(.init5)
 *(.init6)
 *(.init6)
 *(.init7)
 *(.init7)
 *(.init8)
 *(.init8)
 *(.init9)
 .init9         0x00000032        0x4 c:/program files (x86)/atmel/atmel toolchain/avr8 gcc/native/3.4.1061/avr8-gnu-toolchain/bin/../lib/gcc/avr/4.8.1/../../../../avr/lib/avr4/crtm8a.o
 *(.init9)
 *(.text)
 .text          0x00000036        0x2 c:/program files (x86)/atmel/atmel toolchain/avr8 gcc/native/3.4.1061/avr8-gnu-toolchain/bin/../lib/gcc/avr/4.8.1/../../../../avr/lib/avr4/crtm8a.o
                0x00000036                __vector_1
                0x00000036                __vector_12
                0x00000036                __bad_interrupt
                0x00000036                __vector_6
                0x00000036                __vector_3
                0x00000036                __vector_11
                0x00000036                __vector_13
                0x00000036                __vector_17
                0x00000036                __vector_7
                0x00000036                __vector_5
                0x00000036                __vector_4
                0x00000036                __vector_9
                0x00000036                __vector_2
                0x00000036                __vector_15
                0x00000036                __vector_8
                0x00000036                __vector_14
                0x00000036                __vector_10
                0x00000036                __vector_16
                0x00000036                __vector_18
                0x00000038                . = ALIGN (0x2)
 *(.text.*)
 .text.EEPROM_Init
                0x00000038        0x6 EEPROM_25AA256.o
                0x00000038                EEPROM_Init
 .text.EEPROM_Write
                0x0000003e       0xa4 EEPROM_25AA256.o
                0x0000003e                EEPROM_Write
 .text.EEPROM_Read
                0x000000e2       0x68 EEPROM_25AA256.o
                0x000000e2                EEPROM_Read
 .text.main     0x0000014a       0xa0 Main.o
                0x0000014a                main
 .text.DigitalTemp_Init
                0x000001ea       0x36 DIGTEMP_TC72.o
                0x000001ea                DigitalTemp_Init
 .text.DigitalTemp_Read
                0x00000220       0x4a DIGTEMP_TC72.o
                0x00000220                DigitalTemp_Read
 .text.SPI_Init
                0x0000026a       0x18 SPI_REG_BASED.o
                0x0000026a                SPI_Init
 .text.SPI_OperationMode
                0x00000282       0x28 SPI_REG_BASED.o
                0x00000282                SPI_OperationMode
 .text.SPI_Send
                0x000002aa        0x8 SPI_REG_BASED.o
                0x000002aa                SPI_Send
 .text.SPI_Recv
                0x000002b2        0xa SPI_REG_BASED.o
                0x000002b2                SPI_Recv
                0x000002bc                . = ALIGN (0x2)
 *(.fini9)
 .fini9         0x000002bc        0x0 c:/program files (x86)/atmel/atmel toolchain/avr8 gcc/native/3.4.1061/avr8-gnu-toolchain/bin/../lib/gcc/avr/4.8.1/avr4\libgcc.a(_exit.o)
                0x000002bc                _exit
                0x000002bc                exit
 *(.fini9)
 *(.fini8)
 *(.fini8)
 *(.fini7)
 *(.fini7)
 *(.fini6)
 *(.fini6)
 *(.fini5)
 *(.fini5)
 *(.fini4)
 *(.fini4)
 *(.fini3)
 *(.fini3)
 *(.fini2)
 *(.fini2)
 *(.fini1)
 *(.fini1)
 *(.fini0)
 .fini0         0x000002bc        0x4 c:/program files (x86)/atmel/atmel toolchain/avr8 gcc/native/3.4.1061/avr8-gnu-toolchain/bin/../lib/gcc/avr/4.8.1/avr4\libgcc.a(_exit.o)
 *(.fini0)
                0x000002c0                _etext = .

.data           0x00800060        0x0 load address 0x000002c0
                0x00800060                PROVIDE (__data_start, .)
 *(.data)
 *(.data*)
 *(.rodata)
 *(.rodata*)
 *(.gnu.linkonce.d*)
                0x00800060                . = ALIGN (0x2)
                0x00800060                _edata = .
                0x00800060                PROVIDE (__data_end, .)

.bss            0x00800060        0x0
                0x00800060                PROVIDE (__bss_start, .)
 *(.bss)
 *(.bss*)
 *(COMMON)
                0x00800060                PROVIDE (__bss_end, .)
                0x000002c0                __data_load_start = LOADADDR (.data)
                0x000002c0                __data_load_end = (__data_load_start + SIZEOF (.data))

.noinit         0x00800060        0x0
                0x00800060                PROVIDE (__noinit_start, .)
 *(.noinit*)
                0x00800060                PROVIDE (__noinit_end, .)
                0x00800060                _end = .
                0x00800060                PROVIDE (__heap_start, .)

.eeprom         0x00810000        0x0
 *(.eeprom*)
                0x00810000                __eeprom_end = .

.fuse
 *(.fuse)
 *(.lfuse)
 *(.hfuse)
 *(.efuse)

.lock
 *(.lock*)

.signature
 *(.signature*)

.user_signatures
 *(.user_signatures*)

.stab
 *(.stab)

.stabstr
 *(.stabstr)

.stab.excl
 *(.stab.excl)

.stab.exclstr
 *(.stab.exclstr)

.stab.index
 *(.stab.index)

.stab.indexstr
 *(.stab.indexstr)

.comment        0x00000000       0x30
 *(.comment)
 .comment       0x00000000       0x30 EEPROM_25AA256.o
                                 0x31 (size before relaxing)
 .comment       0x00000000       0x31 Main.o
 .comment       0x00000000       0x31 DIGTEMP_TC72.o
 .comment       0x00000000       0x31 SPI_REG_BASED.o

.note.gnu.build-id
 *(.note.gnu.build-id)

.debug
 *(.debug)

.line
 *(.line)

.debug_srcinfo
 *(.debug_srcinfo)

.debug_sfnames
 *(.debug_sfnames)

.debug_aranges  0x00000000       0xb0
 *(.debug_aranges)
 .debug_aranges
                0x00000000       0x30 EEPROM_25AA256.o
 .debug_aranges
                0x00000030       0x20 Main.o
 .debug_aranges
                0x00000050       0x28 DIGTEMP_TC72.o
 .debug_aranges
                0x00000078       0x38 SPI_REG_BASED.o

.debug_pubnames
 *(.debug_pubnames)

.debug_info     0x00000000      0xb13
 *(.debug_info .gnu.linkonce.wi.*)
 .debug_info    0x00000000      0x3e5 EEPROM_25AA256.o
 .debug_info    0x000003e5      0x3c4 Main.o
 .debug_info    0x000007a9      0x20d DIGTEMP_TC72.o
 .debug_info    0x000009b6      0x15d SPI_REG_BASED.o

.debug_abbrev   0x00000000      0x4b3
 *(.debug_abbrev)
 .debug_abbrev  0x00000000      0x167 EEPROM_25AA256.o
 .debug_abbrev  0x00000167      0x16b Main.o
 .debug_abbrev  0x000002d2      0x140 DIGTEMP_TC72.o
 .debug_abbrev  0x00000412       0xa1 SPI_REG_BASED.o

.debug_line     0x00000000      0x5f9
 *(.debug_line .debug_line.* .debug_line_end)
 .debug_line    0x00000000      0x1b2 EEPROM_25AA256.o
 .debug_line    0x000001b2      0x1cb Main.o
 .debug_line    0x0000037d      0x169 DIGTEMP_TC72.o
 .debug_line    0x000004e6      0x113 SPI_REG_BASED.o

.debug_frame    0x00000000      0x134
 *(.debug_frame)
 .debug_frame   0x00000000       0x74 EEPROM_25AA256.o
 .debug_frame   0x00000074       0x24 Main.o
 .debug_frame   0x00000098       0x48 DIGTEMP_TC72.o
 .debug_frame   0x000000e0       0x54 SPI_REG_BASED.o

.debug_str      0x00000000      0x2d6
 *(.debug_str)
 .debug_str     0x00000000      0x1e6 EEPROM_25AA256.o
                                0x21f (size before relaxing)
 .debug_str     0x000001e6       0xa9 Main.o
                                0x28c (size before relaxing)
 .debug_str     0x0000028f       0x1d DIGTEMP_TC72.o
                                0x204 (size before relaxing)
 .debug_str     0x000002ac       0x2a SPI_REG_BASED.o
                                0x203 (size before relaxing)

.debug_loc      0x00000000      0x26a
 *(.debug_loc)
 .debug_loc     0x00000000      0x148 EEPROM_25AA256.o
 .debug_loc     0x00000148       0x4f Main.o
 .debug_loc     0x00000197       0x7a DIGTEMP_TC72.o
 .debug_loc     0x00000211       0x59 SPI_REG_BASED.o

.debug_macinfo
 *(.debug_macinfo)

.debug_weaknames
 *(.debug_weaknames)

.debug_funcnames
 *(.debug_funcnames)

.debug_typenames
 *(.debug_typenames)

.debug_varnames
 *(.debug_varnames)

.debug_pubtypes
 *(.debug_pubtypes)

.debug_ranges   0x00000000       0x70
 *(.debug_ranges)
 .debug_ranges  0x00000000       0x20 EEPROM_25AA256.o
 .debug_ranges  0x00000020       0x10 Main.o
 .debug_ranges  0x00000030       0x18 DIGTEMP_TC72.o
 .debug_ranges  0x00000048       0x28 SPI_REG_BASED.o

.debug_macro
 *(.debug_macro)
OUTPUT(SPI_REG_BASED.elf elf32-avr)
LOAD linker stubs
